// Jest Snapshot v1, https://goo.gl/fbAQLP

exports[`LanguageDot should render 1`] = `<languageDot />`;
